error: Unsupported shape `unit`
 --> $DIR/unsupported-unit-variant.rs:3:10
  |
3 | #[derive(EntQuery)]
  |          ^^^^^^^^
  |
  = note: this error originates in a derive macro (in Nightly builds, run with -Z macro-backtrace for more info)
