error: Unexpected meta-item format `word`
  --> $DIR/missing-type-for-edge-attr-with-no-inner.rs:17:11
   |
17 |     #[ent(edge)]
   |           ^^^^
