error: Missing field `type`
  --> $DIR/missing-type-for-edge-attr-with-other-attrs.rs:17:11
   |
17 |     #[ent(edge(policy = "shallow"))]
   |           ^^^^^^^^^^^^^^^^^^^^^^^^
