error: Unexpected literal type `int`
  --> $DIR/unexpected-ent-edge-type-assignment.rs:17:23
   |
17 |     #[ent(edge(type = 3))]
   |                       ^
