error: Enums are not supported, derive Debug instead
 --> $DIR/unsupported-enum.rs:4:1
  |
4 | / enum TestEnt {
5 | |     A,
6 | |     B,
7 | | }
  | |_^
